<html>
<body>
<pre>
<h1>µVision Build Log</h1>
<h2>Tool Versions:</h2>
IDE-Version: ¦ÌVision V5.26.2.0
Copyright (C) 2018 ARM Ltd and ARM Germany GmbH. All rights reserved.
License Information: 1 11, 1, LIC=X96CK-ZF21I-307NC-7GYCB-FF88D-89IK4
 
Tool Versions:
Toolchain:       MDK-ARM Plus  Version: 5.26.2.0
Toolchain Path:  C:\Keil_v5\ARM\ARMCC\Bin
C Compiler:      Armcc.exe V5.06 update 6 (build 750)
Assembler:       Armasm.exe V5.06 update 6 (build 750)
Linker/Locator:  ArmLink.exe V5.06 update 6 (build 750)
Library Manager: ArmAr.exe V5.06 update 6 (build 750)
Hex Converter:   FromElf.exe V5.06 update 6 (build 750)
CPU DLL:         SARMCM3.DLL V5.26.2.0
Dialog DLL:      DARMSTM.DLL V1.68.0.0
Target DLL:      STLink\ST-LINKIII-KEIL_SWO.dll V3.0.5.0
Dialog DLL:      TARMSTM.DLL   V1.66.0.0
 
<h2>Project:</h2>
D:\OneDrive\Git_proj\Car\Car\USER\Template.uvprojx
Project File Date:  07/09/2021

<h2>Output:</h2>
*** Using Compiler 'V5.06 update 6 (build 750)', folder: 'C:\Keil_v5\ARM\ARMCC\Bin'
Rebuild target 'Template'
compiling stm32f10x_it.c...
key.h(18): warning:  #1-D: last line of file ends without a newline
  #endif
MotorDrive.h(78): warning:  #1-D: last line of file ends without a newline
  #endif /* __MOTORDRIVE_H */
ultrasound.h(42): warning:  #1-D: last line of file ends without a newline
  #endif
stm32f10x_it.c: 3 warnings, 0 errors
compiling key.c...
key.h(18): warning:  #1-D: last line of file ends without a newline
  #endif
key.c: 1 warning, 0 errors
assembling startup_stm32f10x_hd.s...
compiling pwm.c...
MotorDrive.h(78): warning:  #1-D: last line of file ends without a newline
  #endif /* __MOTORDRIVE_H */
pwm.c(65): warning:  #1-D: last line of file ends without a newline
  }
pwm.c: 2 warnings, 0 errors
compiling trail.c...
compiling system_stm32f10x.c...
compiling elude.c...
MotorDrive.h(78): warning:  #1-D: last line of file ends without a newline
  #endif /* __MOTORDRIVE_H */
elude.c(14): warning:  #177-D: variable "EXTI_InitStructure"  was declared but never referenced
  	EXTI_InitTypeDef EXTI_InitStructure;
elude.c(15): warning:  #177-D: variable "NVIC_InitStructure"  was declared but never referenced
  	NVIC_InitTypeDef NVIC_InitStructure;
elude.c(52): warning:  #550-D: variable "S_Elude_Input"  was set but never used
  	u8 S_Elude_Input = 0 ;
elude.c: 4 warnings, 0 errors
compiling MotorDrive.c...
MotorDrive.h(78): warning:  #1-D: last line of file ends without a newline
  #endif /* __MOTORDRIVE_H */
MotorDrive.c(262): warning:  #1-D: last line of file ends without a newline
  //---------------------------------
MotorDrive.c: 2 warnings, 0 errors
compiling remote.c...
remote.h(22): warning:  #1-D: last line of file ends without a newline
  #endif /* __REMOTE_H */
remote.c(79): warning:  #1-D: last line of file ends without a newline
  }
remote.c: 2 warnings, 0 errors
compiling ultrasound.c...
ultrasound.h(42): warning:  #1-D: last line of file ends without a newline
  #endif
ultrasound.c(8): warning:  #177-D: variable "TIM_ICInitStructure"  was declared but never referenced
  	TIM_ICInitTypeDef  TIM_ICInitStructure;
ultrasound.c: 2 warnings, 0 errors
compiling main.c...
Motordrive.h(78): warning:  #1-D: last line of file ends without a newline
  #endif /* __MOTORDRIVE_H */
key.h(18): warning:  #1-D: last line of file ends without a newline
  #endif
ultrasound.h(42): warning:  #1-D: last line of file ends without a newline
  #endif
remote.h(22): warning:  #1-D: last line of file ends without a newline
  #endif /* __REMOTE_H */
main.c(31): warning:  #1295-D: Deprecated declaration Send_UltraSound_Signal - give arg types
  void Send_UltraSound_Signal();
main.c(341): warning:  #177-D: variable "S_Elude_Input"  was declared but never referenced
  		u8 S_Elude_Input = 0;
main.c: 6 warnings, 0 errors
compiling core_cm3.c...
compiling misc.c...
compiling stm32f10x_adc.c...
compiling stm32f10x_bkp.c...
compiling stm32f10x_cec.c...
compiling stm32f10x_can.c...
compiling stm32f10x_crc.c...
compiling stm32f10x_dac.c...
compiling stm32f10x_dbgmcu.c...
compiling stm32f10x_dma.c...
compiling stm32f10x_exti.c...
compiling stm32f10x_fsmc.c...
compiling stm32f10x_flash.c...
compiling stm32f10x_gpio.c...
compiling stm32f10x_iwdg.c...
compiling stm32f10x_pwr.c...
compiling stm32f10x_rcc.c...
compiling stm32f10x_rtc.c...
compiling stm32f10x_i2c.c...
compiling stm32f10x_spi.c...
compiling stm32f10x_wwdg.c...
compiling stm32f10x_sdio.c...
compiling stm32f10x_usart.c...
compiling delay.c...
compiling stm32f10x_tim.c...
compiling sys.c...
..\SYSTEM\sys\sys.c(42): warning:  #1-D: last line of file ends without a newline
  }
..\SYSTEM\sys\sys.c: 1 warning, 0 errors
compiling usart.c...
linking...
Program Size: Code=12596 RO-data=336 RW-data=88 ZI-data=1832  
FromELF: creating hex file...
"..\OBJ\Template.axf" - 0 Error(s), 23 Warning(s).

<h2>Software Packages used:</h2>

Package Vendor: Keil
                http://www.keil.com/pack/Keil.STM32F1xx_DFP.1.0.5.pack
                Keil.STM32F1xx_DFP.1.0.5
                STMicroelectronics STM32F1 Series Device Support, Drivers and Examples

<h2>Collection of Component include folders:</h2>
  .\RTE\_Template
  C:\Keil_v5\ARM\PACK\Keil\STM32F1xx_DFP\1.0.5\Device\Include

<h2>Collection of Component Files used:</h2>
Build Time Elapsed:  00:00:02
</pre>
</body>
</html>
